[20-May-2026 09:06:14 UTC] PHP Parse error:  syntax error, unexpected token "<", expecting end of file in /Applications/XAMPP/xamppfiles/htdocs/truyentranh/wp-content/themes/truyen-tranh-theme/functions.php on line 160
[20-May-2026 10:31:02 UTC] PHP Parse error:  syntax error, unexpected token "*", expecting end of file in /Applications/XAMPP/xamppfiles/htdocs/truyentranh/wp-content/themes/truyen-tranh-theme/single.php on line 33
[20-May-2026 10:35:41 UTC] PHP Deprecated:  Function the_block_template_skip_link is <strong>deprecated</strong> since version 6.4.0! Use wp_enqueue_block_template_skip_link() instead. in /Applications/XAMPP/xamppfiles/htdocs/truyentranh/wp-includes/functions.php on line 6131
[20-May-2026 10:35:59 UTC] PHP Deprecated:  Function the_block_template_skip_link is <strong>deprecated</strong> since version 6.4.0! Use wp_enqueue_block_template_skip_link() instead. in /Applications/XAMPP/xamppfiles/htdocs/truyentranh/wp-includes/functions.php on line 6131
[20-May-2026 10:37:42 UTC] PHP Deprecated:  Function the_block_template_skip_link is <strong>deprecated</strong> since version 6.4.0! Use wp_enqueue_block_template_skip_link() instead. in /Applications/XAMPP/xamppfiles/htdocs/truyentranh/wp-includes/functions.php on line 6131
[20-May-2026 10:38:22 UTC] PHP Deprecated:  Function the_block_template_skip_link is <strong>deprecated</strong> since version 6.4.0! Use wp_enqueue_block_template_skip_link() instead. in /Applications/XAMPP/xamppfiles/htdocs/truyentranh/wp-includes/functions.php on line 6131
[20-May-2026 10:45:01 UTC] PHP Warning:  Undefined variable $latest_query in /Applications/XAMPP/xamppfiles/htdocs/truyentranh/wp-content/themes/truyen-tranh-theme/front-page.php on line 86
[20-May-2026 10:45:01 UTC] PHP Warning:  Attempt to read property "max_num_pages" on null in /Applications/XAMPP/xamppfiles/htdocs/truyentranh/wp-content/themes/truyen-tranh-theme/front-page.php on line 86
[20-May-2026 10:48:40 UTC] PHP Warning:  Undefined variable $latest_query in /Applications/XAMPP/xamppfiles/htdocs/truyentranh/wp-content/themes/truyen-tranh-theme/front-page.php on line 86
[20-May-2026 10:48:40 UTC] PHP Warning:  Attempt to read property "max_num_pages" on null in /Applications/XAMPP/xamppfiles/htdocs/truyentranh/wp-content/themes/truyen-tranh-theme/front-page.php on line 86
[20-May-2026 10:48:44 UTC] PHP Warning:  Undefined variable $latest_query in /Applications/XAMPP/xamppfiles/htdocs/truyentranh/wp-content/themes/truyen-tranh-theme/front-page.php on line 86
[20-May-2026 10:48:44 UTC] PHP Warning:  Attempt to read property "max_num_pages" on null in /Applications/XAMPP/xamppfiles/htdocs/truyentranh/wp-content/themes/truyen-tranh-theme/front-page.php on line 86
[20-May-2026 10:49:04 UTC] PHP Warning:  Undefined variable $latest_query in /Applications/XAMPP/xamppfiles/htdocs/truyentranh/wp-content/themes/truyen-tranh-theme/front-page.php on line 86
[20-May-2026 10:49:04 UTC] PHP Warning:  Attempt to read property "max_num_pages" on null in /Applications/XAMPP/xamppfiles/htdocs/truyentranh/wp-content/themes/truyen-tranh-theme/front-page.php on line 86
[20-May-2026 10:49:30 UTC] PHP Warning:  Undefined variable $latest_query in /Applications/XAMPP/xamppfiles/htdocs/truyentranh/wp-content/themes/truyen-tranh-theme/front-page.php on line 86
[20-May-2026 10:49:30 UTC] PHP Warning:  Attempt to read property "max_num_pages" on null in /Applications/XAMPP/xamppfiles/htdocs/truyentranh/wp-content/themes/truyen-tranh-theme/front-page.php on line 86
[20-May-2026 10:49:44 UTC] PHP Warning:  Undefined variable $latest_query in /Applications/XAMPP/xamppfiles/htdocs/truyentranh/wp-content/themes/truyen-tranh-theme/front-page.php on line 86
[20-May-2026 10:49:44 UTC] PHP Warning:  Attempt to read property "max_num_pages" on null in /Applications/XAMPP/xamppfiles/htdocs/truyentranh/wp-content/themes/truyen-tranh-theme/front-page.php on line 86
[20-May-2026 10:49:50 UTC] PHP Warning:  Undefined variable $latest_query in /Applications/XAMPP/xamppfiles/htdocs/truyentranh/wp-content/themes/truyen-tranh-theme/front-page.php on line 86
[20-May-2026 10:49:50 UTC] PHP Warning:  Attempt to read property "max_num_pages" on null in /Applications/XAMPP/xamppfiles/htdocs/truyentranh/wp-content/themes/truyen-tranh-theme/front-page.php on line 86
[20-May-2026 10:52:41 UTC] PHP Warning:  Undefined variable $latest_query in /Applications/XAMPP/xamppfiles/htdocs/truyentranh/wp-content/themes/truyen-tranh-theme/front-page.php on line 86
[20-May-2026 10:52:41 UTC] PHP Warning:  Attempt to read property "max_num_pages" on null in /Applications/XAMPP/xamppfiles/htdocs/truyentranh/wp-content/themes/truyen-tranh-theme/front-page.php on line 86
[20-May-2026 10:58:19 UTC] PHP Warning:  Undefined variable $latest_query in /Applications/XAMPP/xamppfiles/htdocs/truyentranh/wp-content/themes/truyen-tranh-theme/front-page.php on line 86
[20-May-2026 10:58:19 UTC] PHP Warning:  Attempt to read property "max_num_pages" on null in /Applications/XAMPP/xamppfiles/htdocs/truyentranh/wp-content/themes/truyen-tranh-theme/front-page.php on line 86
[20-May-2026 10:58:46 UTC] PHP Warning:  Undefined variable $latest_query in /Applications/XAMPP/xamppfiles/htdocs/truyentranh/wp-content/themes/truyen-tranh-theme/front-page.php on line 82
[20-May-2026 10:58:46 UTC] PHP Warning:  Attempt to read property "max_num_pages" on null in /Applications/XAMPP/xamppfiles/htdocs/truyentranh/wp-content/themes/truyen-tranh-theme/front-page.php on line 82
[20-May-2026 12:28:35 UTC] PHP Warning:  Undefined variable $latest_query in /Applications/XAMPP/xamppfiles/htdocs/truyentranh/wp-content/themes/truyen-tranh-theme/front-page.php on line 82
[20-May-2026 12:28:35 UTC] PHP Warning:  Attempt to read property "max_num_pages" on null in /Applications/XAMPP/xamppfiles/htdocs/truyentranh/wp-content/themes/truyen-tranh-theme/front-page.php on line 82
